// Jest Snapshot v1, https://goo.gl/fbAQLP

exports[`<Profile /> matches snapshot 1`] = `
<div>
  <div>
    <input
      placeholder="anything"
      type="text"
      value=""
    />
    <span>
      <b>
        TakeKnowledge
      </b>
    </span>
    <span>
      jae-uk
    </span>
  </div>
</div>
`;
